// Jest Snapshot v1, https://goo.gl/fbAQLP

exports[`AutofillInlineMenuButton initAutofillInlineMenuButton creates the button element with the locked icon when the user's auth status is not Unlocked 1`] = `
<button
  aria-label="toggleBitwardenVaultOverlay"
  class="inline-menu-button"
  tabindex="-1"
  type="button"
>
  <svg
    aria-hidden="true"
    class="inline-menu-button-svg-icon logo-locked-icon"
    viewBox="0 0 24 24"
    xmlns="http://www.w3.org/2000/svg"
  >
    <path
      d="M21 11a3 3 0 1 1-.83 5.88l-.04-.01-2.95 2.94c-.1.1-.22.16-.35.18l-.1.01h-.99c-.32 0-.68-.24-.73-.55l-.01-.09v-1.03c0-.16.11-.29.26-.32h.42c.16 0 .29-.11.32-.26v-.43c0-.15.11-.28.26-.31h.42c.15 0 .28-.12.31-.26v-.43c0-.15.12-.28.26-.31l.07-.01h.6c.16 0 .3-.11.32-.26l.01-.06v-.48c-.13-.3-.22-.64-.24-.99L18 14a3 3 0 0 1 3-3zM10.94 5a4.24 4.24 0 0 1 4.2 3.67c1.1.1 2.1.61 2.79 1.38a4.99 4.99 0 0 0-1.92 3.68L16 14v.28l.02.12-.04.03-.15.1c-.18.16-.35.35-.48.55l-.09.16-.01.03-.13.07-.15.1c-.24.17-.44.38-.6.62l-.11.2-.16.1c-.27.16-.5.38-.68.64H7.24A4.21 4.21 0 0 1 3 12.82c0-1.1.43-2.13 1.2-2.92a4.24 4.24 0 0 1 2.53-1.22A4.24 4.24 0 0 1 10.93 5zm9.65 7.52l-.16.03h-.04a.57.57 0 0 0-.29.88l.07.08 1.36 1.35c.31.28.82.12.92-.3.02-.08.04-.17.04-.26l.01-.13v-.08c-.02-.35-.14-.7-.38-.98l-.1-.12-.07-.06a1.67 1.67 0 0 0-1.36-.41zm-7.44-.72a.4.4 0 0 0-.4.4v.1l.02.1.03.1-.18.14a3 3 0 0 1-3.42-.13.97.97 0 0 0 .05-.3.4.4 0 0 0-.4-.41.4.4 0 0 0-.42.39.4.4 0 0 1-.1.25l-.05.06-.15.12a.39.39 0 0 0-.06.52.42.42 0 0 0 .5.14l.06-.03.1-.07.23.15a3.81 3.81 0 0 0 4.1-.02l.2-.13.1.07.08.03a.43.43 0 0 0 .49-.14.4.4 0 0 0 0-.46l-.06-.06-.13-.1a.46.46 0 0 1-.09-.1.55.55 0 0 1-.05-.11l-.02-.06-.02-.15a.4.4 0 0 0-.25-.27l-.07-.02-.09-.01z"
      fill="#297EF1"
      fill-rule="evenodd"
    />
  </svg>
</button>
`;

exports[`AutofillInlineMenuButton initAutofillInlineMenuButton creates the button element with the normal icon when the user's auth status is Unlocked  1`] = `
<button
  aria-label="toggleBitwardenVaultOverlay"
  class="inline-menu-button"
  tabindex="-1"
  type="button"
>
  <svg
    aria-hidden="true"
    class="inline-menu-button-svg-icon logo-icon"
    viewBox="0 0 24 24"
    xmlns="http://www.w3.org/2000/svg"
  >
    <path
      d="M21 11a3 3 0 1 1-.83 5.88l-.04-.01-2.95 2.94c-.1.1-.22.16-.35.18l-.1.01h-.99c-.32 0-.68-.24-.73-.55l-.01-.09v-1.03c0-.16.11-.29.26-.32h.42c.16 0 .29-.11.32-.26v-.43c0-.15.11-.28.26-.31h.42c.15 0 .28-.12.31-.26v-.43c0-.15.12-.28.26-.31l.07-.01h.6c.16 0 .3-.11.32-.26l.01-.06v-.48c-.13-.3-.22-.64-.24-.99L18 14a3 3 0 0 1 3-3zM10.94 5a4.24 4.24 0 0 1 4.2 3.67c1.1.1 2.1.61 2.79 1.38a4.99 4.99 0 0 0-1.92 3.68L16 14v.28l.02.12-.04.03-.15.1c-.18.16-.35.35-.48.55l-.09.16-.01.03-.13.07-.15.1c-.24.17-.44.38-.6.62l-.11.2-.16.1c-.27.16-.5.38-.68.64H7.24A4.21 4.21 0 0 1 3 12.82c0-1.1.43-2.13 1.2-2.92a4.24 4.24 0 0 1 2.53-1.22A4.24 4.24 0 0 1 10.93 5zm9.65 7.52l-.16.03h-.04a.57.57 0 0 0-.29.88l.07.08 1.36 1.35c.31.28.82.12.92-.3.02-.08.04-.17.04-.26l.01-.13v-.08c-.02-.35-.14-.7-.38-.98l-.1-.12-.07-.06a1.67 1.67 0 0 0-1.36-.41zm-7.44-.72a.4.4 0 0 0-.4.4v.1l.02.1.03.1-.18.14a3 3 0 0 1-3.42-.13.97.97 0 0 0 .05-.3.4.4 0 0 0-.4-.41.4.4 0 0 0-.42.39.4.4 0 0 1-.1.25l-.05.06-.15.12a.39.39 0 0 0-.06.52.42.42 0 0 0 .5.14l.06-.03.1-.07.23.15a3.81 3.81 0 0 0 4.1-.02l.2-.13.1.07.08.03a.43.43 0 0 0 .49-.14.4.4 0 0 0 0-.46l-.06-.06-.13-.1a.46.46 0 0 1-.09-.1.55.55 0 0 1-.05-.11l-.02-.06-.02-.15a.4.4 0 0 0-.25-.27l-.07-.02-.09-.01z"
      fill="#297EF1"
      fill-rule="evenodd"
    />
  </svg>
</button>
`;
